// Jest Snapshot v1, https://goo.gl/fbAQLP

exports[`<Carousel  /> should match snapshot 1`] = `
<div>
  hey
</div>
`;
